Traceback (most recent call last):
  File "/home/runner/.local/lib/python3.12/site-packages/jupyter_cache/executors/utils.py", line 58, in single_nb_execution
    executenb(
  File "/home/runner/.local/lib/python3.12/site-packages/nbclient/client.py", line 1305, in execute
    return NotebookClient(nb=nb, resources=resources, km=km, **kwargs).execute()
           ^^^^^^^^^^^^^^^^^^^^^^^^^^^^^^^^^^^^^^^^^^^^^^^^^^^^^^^^^^^^^^^^^^^^^
  File "/home/runner/.local/lib/python3.12/site-packages/jupyter_core/utils/__init__.py", line 165, in wrapped
    return loop.run_until_complete(inner)
           ^^^^^^^^^^^^^^^^^^^^^^^^^^^^^^
  File "/usr/lib/python3.12/asyncio/base_events.py", line 687, in run_until_complete
    return future.result()
           ^^^^^^^^^^^^^^^
  File "/home/runner/.local/lib/python3.12/site-packages/nbclient/client.py", line 705, in async_execute
    await self.async_execute_cell(
  File "/home/runner/.local/lib/python3.12/site-packages/nbclient/client.py", line 1058, in async_execute_cell
    await self._check_raise_for_error(cell, cell_index, exec_reply)
  File "/home/runner/.local/lib/python3.12/site-packages/nbclient/client.py", line 914, in _check_raise_for_error
    raise CellExecutionError.from_cell_and_msg(cell, exec_reply_content)
nbclient.exceptions.CellExecutionError: An error occurred while executing the following cell:
------------------
try:
    cadence_labels = D.get_feature("cadencelabels")
except Exception:
    raise ValueError("Corpus has no cadence annotations.")
cadence_labels
------------------


[31m---------------------------------------------------------------------------[39m
[31mNoMatchingResourceFoundError[39m              Traceback (most recent call last)
[36mCell[39m[36m [39m[32mIn[4][39m[32m, line 2[39m
[32m      1[39m [38;5;28;01mtry[39;00m:
[32m----> [39m[32m2[39m     cadence_labels = [43mD[49m[43m.[49m[43mget_feature[49m[43m([49m[33;43m"[39;49m[33;43mcadencelabels[39;49m[33;43m"[39;49m[43m)[49m
[32m      3[39m [38;5;28;01mexcept[39;00m [38;5;167;01mException[39;00m:

[36mFile [39m[32m~/.local/lib/python3.12/site-packages/dimcat/data/datasets/base.py:314[39m, in [36mDataset.get_feature[39m[34m(self, feature)[39m
[32m    313[39m     [38;5;28;01mpass[39;00m
[32m--> [39m[32m314[39m [38;5;28;01mreturn[39;00m [38;5;28;43mself[39;49m[43m.[49m[43mextract_feature[49m[43m([49m[43mfeature_config[49m[43m)[49m

[36mFile [39m[32m~/.local/lib/python3.12/site-packages/dimcat/data/datasets/base.py:290[39m, in [36mDataset.extract_feature[39m[34m(self, feature, ignore_exceptions)[39m
[32m    289[39m feature_extractor = Constructor(feature_config)
[32m--> [39m[32m290[39m extracted = [38;5;28;43mself[39;49m[43m.[49m[43m_extract_feature[49m[43m([49m
[32m    291[39m [43m    [49m[43mfeature_config[49m[43m,[49m[43m [49m[43mignore_exceptions[49m[43m=[49m[43mignore_exceptions[49m
[32m    292[39m [43m[49m[43m)[49m
[32m    293[39m [38;5;28mself[39m.add_output(resource=extracted, package_name=[33m"[39m[33mfeatures[39m[33m"[39m)

[36mFile [39m[32m~/.local/lib/python3.12/site-packages/dimcat/data/datasets/base.py:259[39m, in [36mDataset._extract_feature[39m[34m(self, feature_config, ignore_exceptions)[39m
[32m    249[39m [38;5;250m[39m[33;03m"""Extracts a feature from the Dataset's input catalog, sends it through its pipeline and returns the result,[39;00m
[32m    250[39m [33;03mwithout storing it.[39;00m
[32m    251[39m 
[32m   (...)[39m[32m    257[39m [33;03m        extracted feature, ignoring the fact that not all PipelineSteps may have been applied to it.[39;00m
[32m    258[39m [33;03m"""[39;00m
[32m--> [39m[32m259[39m extracted = [38;5;28;43mself[39;49m[43m.[49m[43minputs[49m[43m.[49m[43mextract_feature[49m[43m([49m[43mfeature_config[49m[43m)[49m
[32m    260[39m [38;5;28;01mif[39;00m [38;5;28mlen[39m([38;5;28mself[39m._pipeline) == [32m0[39m:

[36mFile [39m[32m~/.local/lib/python3.12/site-packages/dimcat/data/catalogs/inputs.py:18[39m, in [36mInputsCatalog.extract_feature[39m[34m(self, feature)[39m
[32m     17[39m package = [38;5;28mself[39m.get_package()
[32m---> [39m[32m18[39m [38;5;28;01mreturn[39;00m [43mpackage[49m[43m.[49m[43mextract_feature[49m[43m([49m[43mfeature[49m[43m)[49m

[36mFile [39m[32m~/.local/lib/python3.12/site-packages/dimcat/data/packages/base.py:1036[39m, in [36mPackage.extract_feature[39m[34m(self, feature)[39m
[32m   1035[39m [38;5;28;01mif[39;00m feature_name [38;5;129;01mnot[39;00m [38;5;129;01min[39;00m [38;5;28mself[39m.extractable_features:
[32m-> [39m[32m1036[39m     [38;5;28;01mraise[39;00m NoMatchingResourceFoundError(feature_config)
[32m   1037[39m candidate_facets = [
[32m   1038[39m     facet
[32m   1039[39m     [38;5;28;01mfor[39;00m facet [38;5;129;01min[39;00m [38;5;28mself[39m.iter_facets()
[32m   1040[39m     [38;5;28;01mif[39;00m feature_name [38;5;129;01min[39;00m facet.extractable_features
[32m   1041[39m ]

[31mNoMatchingResourceFoundError[39m: No matching resource found for DimcatConfig
============
{'dtype': 'CadenceLabels'}.

During handling of the above exception, another exception occurred:

[31mValueError[39m                                Traceback (most recent call last)
[36mCell[39m[36m [39m[32mIn[4][39m[32m, line 4[39m
[32m      2[39m     cadence_labels = D.get_feature([33m"[39m[33mcadencelabels[39m[33m"[39m)
[32m      3[39m [38;5;28;01mexcept[39;00m [38;5;167;01mException[39;00m:
[32m----> [39m[32m4[39m     [38;5;28;01mraise[39;00m [38;5;167;01mValueError[39;00m([33m"[39m[33mCorpus has no cadence annotations.[39m[33m"[39m)
[32m      5[39m cadence_labels

[31mValueError[39m: Corpus has no cadence annotations.

