Traceback (most recent call last):
  File "/home/runner/.local/lib/python3.12/site-packages/jupyter_cache/executors/utils.py", line 58, in single_nb_execution
    executenb(
  File "/home/runner/.local/lib/python3.12/site-packages/nbclient/client.py", line 1305, in execute
    return NotebookClient(nb=nb, resources=resources, km=km, **kwargs).execute()
           ^^^^^^^^^^^^^^^^^^^^^^^^^^^^^^^^^^^^^^^^^^^^^^^^^^^^^^^^^^^^^^^^^^^^^
  File "/home/runner/.local/lib/python3.12/site-packages/jupyter_core/utils/__init__.py", line 165, in wrapped
    return loop.run_until_complete(inner)
           ^^^^^^^^^^^^^^^^^^^^^^^^^^^^^^
  File "/usr/lib/python3.12/asyncio/base_events.py", line 687, in run_until_complete
    return future.result()
           ^^^^^^^^^^^^^^^
  File "/home/runner/.local/lib/python3.12/site-packages/nbclient/client.py", line 705, in async_execute
    await self.async_execute_cell(
  File "/home/runner/.local/lib/python3.12/site-packages/nbclient/client.py", line 1058, in async_execute_cell
    await self._check_raise_for_error(cell, cell_index, exec_reply)
  File "/home/runner/.local/lib/python3.12/site-packages/nbclient/client.py", line 914, in _check_raise_for_error
    raise CellExecutionError.from_cell_and_msg(cell, exec_reply_content)
nbclient.exceptions.CellExecutionError: An error occurred while executing the following cell:
------------------
filtered_D = filters.HasHarmonyLabelsFilter(keep_values=[True]).process(D)
all_metadata = filtered_D.get_metadata()
assert len(all_metadata) > 0, "No pieces selected for analysis."
all_metadata
------------------


[31m---------------------------------------------------------------------------[39m
[31mTypeError[39m                                 Traceback (most recent call last)
[36mCell[39m[36m [39m[32mIn[4][39m[32m, line 1[39m
[32m----> [39m[32m1[39m filtered_D = [43mfilters[49m[43m.[49m[43mHasHarmonyLabelsFilter[49m[43m([49m[43mkeep_values[49m[43m=[49m[43m[[49m[38;5;28;43;01mTrue[39;49;00m[43m][49m[43m)[49m[43m.[49m[43mprocess[49m[43m([49m[43mD[49m[43m)[49m
[32m      2[39m all_metadata = filtered_D.get_metadata()
[32m      3[39m [38;5;28;01massert[39;00m [38;5;28mlen[39m(all_metadata) > [32m0[39m, [33m"[39m[33mNo pieces selected for analysis.[39m[33m"[39m

[36mFile [39m[32m~/.local/lib/python3.12/site-packages/dimcat/steps/base.py:222[39m, in [36mPipelineStep.process[39m[34m(self, *data)[39m
[32m    218[39m         data = single_obj
[32m    219[39m     [38;5;28;01melse[39;00m:
[32m    220[39m         [38;5;66;03m# a single object was given which is neither a list nor a tuple, this is the[39;00m
[32m    221[39m         [38;5;66;03m# case where not to return a list[39;00m
[32m--> [39m[32m222[39m         [38;5;28;01mreturn[39;00m [38;5;28;43mself[39;49m[43m.[49m[43mprocess_data[49m[43m([49m[43msingle_obj[49m[43m)[49m
[32m    223[39m [38;5;28;01mreturn[39;00m [[38;5;28mself[39m.process_data(d) [38;5;28;01mfor[39;00m d [38;5;129;01min[39;00m data]

[36mFile [39m[32m~/.local/lib/python3.12/site-packages/dimcat/steps/base.py:245[39m, in [36mPipelineStep.process_data[39m[34m(self, data)[39m
[32m    234[39m [38;5;250m[39m[33;03m"""[39;00m
[32m    235[39m [33;03mPerform a transformation on an input Data object. This should never alter the[39;00m
[32m    236[39m [33;03mData or its properties in place, instead returning a copy or view of the input.[39;00m
[32m   (...)[39m[32m    242[39m [33;03m    A copy of the input Data, potentially transformed or enhanced in some way defined by this PipelineStep.[39;00m
[32m    243[39m [33;03m"""[39;00m
[32m    244[39m [38;5;28;01mif[39;00m [38;5;28misinstance[39m(data, Dataset):
[32m--> [39m[32m245[39m     [38;5;28;01mreturn[39;00m [38;5;28;43mself[39;49m[43m.[49m[43mprocess_dataset[49m[43m([49m[43mdata[49m[43m)[49m
[32m    246[39m [38;5;28;01mif[39;00m [38;5;28misinstance[39m(data, DimcatResource):
[32m    247[39m     [38;5;28;01mreturn[39;00m [38;5;28mself[39m.process_resource(data)

[36mFile [39m[32m~/.local/lib/python3.12/site-packages/dimcat/steps/base.py:260[39m, in [36mPipelineStep.process_dataset[39m[34m(self, dataset)[39m
[32m    258[39m [38;5;250m[39m[33;03m"""Apply this PipelineStep to a :class:`Dataset` and return a copy containing the output(s)."""[39;00m
[32m    259[39m [38;5;28mself[39m.check_dataset(dataset)
[32m--> [39m[32m260[39m [38;5;28;01mreturn[39;00m [38;5;28;43mself[39;49m[43m.[49m[43m_process_dataset[49m[43m([49m[43mdataset[49m[43m)[49m

[36mFile [39m[32m~/.local/lib/python3.12/site-packages/dimcat/steps/base.py:494[39m, in [36mResourceTransformation._process_dataset[39m[34m(self, dataset)[39m
[32m    492[39m [38;5;250m[39m[33;03m"""Apply this PipelineStep to a :class:`Dataset` and return a copy containing the output(s)."""[39;00m
[32m    493[39m new_dataset = [38;5;28mself[39m._make_new_dataset(dataset)
[32m--> [39m[32m494[39m [38;5;28;43mself[39;49m[43m.[49m[43mfit_to_dataset[49m[43m([49m[43mnew_dataset[49m[43m)[49m
[32m    495[39m new_dataset._pipeline.add_step([38;5;28mself[39m)
[32m    496[39m feature_specs = [38;5;28mself[39m.get_feature_specs()

[36mFile [39m[32m~/.local/lib/python3.12/site-packages/dimcat/steps/groupers/annotations.py:103[39m, in [36mHasHarmonyLabelsGrouper.fit_to_dataset[39m[34m(self, dataset)[39m
[32m    101[39m [38;5;28;01mdef[39;00m [34mfit_to_dataset[39m([38;5;28mself[39m, dataset: Dataset) -> [38;5;28;01mNone[39;00m:
[32m    102[39m     metadata = dataset.get_metadata(raw=[38;5;28;01mTrue[39;00m)
[32m--> [39m[32m103[39m     has_labels = [43mmetadata[49m[43m.[49m[43mdf[49m[43m[[49m[33;43m"[39;49m[33;43mlabel_count[39;49m[33;43m"[39;49m[43m][49m[43m [49m[43m>[49m[43m [49m[32;43m0[39;49m
[32m    104[39m     grouping = has_labels.groupby(has_labels, sort=[38;5;28;01mTrue[39;00m).groups
[32m    105[39m     group_index = DimcatIndex.from_grouping(
[32m    106[39m         grouping, ([33m"[39m[33mhas_harmony_labels[39m[33m"[39m, [33m"[39m[33mcorpus[39m[33m"[39m, [33m"[39m[33mpiece[39m[33m"[39m)
[32m    107[39m     )

[36mFile [39m[32m~/.local/lib/python3.12/site-packages/pandas/core/ops/common.py:76[39m, in [36m_unpack_zerodim_and_defer.<locals>.new_method[39m[34m(self, other)[39m
[32m     72[39m             [38;5;28;01mreturn[39;00m [38;5;28mNotImplemented[39m
[32m     74[39m other = item_from_zerodim(other)
[32m---> [39m[32m76[39m [38;5;28;01mreturn[39;00m [43mmethod[49m[43m([49m[38;5;28;43mself[39;49m[43m,[49m[43m [49m[43mother[49m[43m)[49m

[36mFile [39m[32m~/.local/lib/python3.12/site-packages/pandas/core/arraylike.py:56[39m, in [36mOpsMixin.__gt__[39m[34m(self, other)[39m
[32m     54[39m [38;5;129m@unpack_zerodim_and_defer[39m([33m"[39m[33m__gt__[39m[33m"[39m)
[32m     55[39m [38;5;28;01mdef[39;00m [34m__gt__[39m([38;5;28mself[39m, other):
[32m---> [39m[32m56[39m     [38;5;28;01mreturn[39;00m [38;5;28;43mself[39;49m[43m.[49m[43m_cmp_method[49m[43m([49m[43mother[49m[43m,[49m[43m [49m[43moperator[49m[43m.[49m[43mgt[49m[43m)[49m

[36mFile [39m[32m~/.local/lib/python3.12/site-packages/pandas/core/series.py:5803[39m, in [36mSeries._cmp_method[39m[34m(self, other, op)[39m
[32m   5800[39m lvalues = [38;5;28mself[39m._values
[32m   5801[39m rvalues = extract_array(other, extract_numpy=[38;5;28;01mTrue[39;00m, extract_range=[38;5;28;01mTrue[39;00m)
[32m-> [39m[32m5803[39m res_values = [43mops[49m[43m.[49m[43mcomparison_op[49m[43m([49m[43mlvalues[49m[43m,[49m[43m [49m[43mrvalues[49m[43m,[49m[43m [49m[43mop[49m[43m)[49m
[32m   5805[39m [38;5;28;01mreturn[39;00m [38;5;28mself[39m._construct_result(res_values, name=res_name)

[36mFile [39m[32m~/.local/lib/python3.12/site-packages/pandas/core/ops/array_ops.py:332[39m, in [36mcomparison_op[39m[34m(left, right, op)[39m
[32m    323[39m         [38;5;28;01mraise[39;00m [38;5;167;01mValueError[39;00m(
[32m    324[39m             [33m"[39m[33mLengths must match to compare[39m[33m"[39m, lvalues.shape, rvalues.shape
[32m    325[39m         )
[32m    327[39m [38;5;28;01mif[39;00m should_extension_dispatch(lvalues, rvalues) [38;5;129;01mor[39;00m (
[32m    328[39m     ([38;5;28misinstance[39m(rvalues, (Timedelta, BaseOffset, Timestamp)) [38;5;129;01mor[39;00m right [38;5;129;01mis[39;00m NaT)
[32m    329[39m     [38;5;129;01mand[39;00m lvalues.dtype != [38;5;28mobject[39m
[32m    330[39m ):
[32m    331[39m     [38;5;66;03m# Call the method on lvalues[39;00m
[32m--> [39m[32m332[39m     res_values = [43mop[49m[43m([49m[43mlvalues[49m[43m,[49m[43m [49m[43mrvalues[49m[43m)[49m
[32m    334[39m [38;5;28;01melif[39;00m is_scalar(rvalues) [38;5;129;01mand[39;00m isna(rvalues):  [38;5;66;03m# TODO: but not pd.NA?[39;00m
[32m    335[39m     [38;5;66;03m# numpy does not like comparisons vs None[39;00m
[32m    336[39m     [38;5;28;01mif[39;00m op [38;5;129;01mis[39;00m operator.ne:

[36mFile [39m[32m~/.local/lib/python3.12/site-packages/pandas/core/ops/common.py:76[39m, in [36m_unpack_zerodim_and_defer.<locals>.new_method[39m[34m(self, other)[39m
[32m     72[39m             [38;5;28;01mreturn[39;00m [38;5;28mNotImplemented[39m
[32m     74[39m other = item_from_zerodim(other)
[32m---> [39m[32m76[39m [38;5;28;01mreturn[39;00m [43mmethod[49m[43m([49m[38;5;28;43mself[39;49m[43m,[49m[43m [49m[43mother[49m[43m)[49m

[36mFile [39m[32m~/.local/lib/python3.12/site-packages/pandas/core/arraylike.py:56[39m, in [36mOpsMixin.__gt__[39m[34m(self, other)[39m
[32m     54[39m [38;5;129m@unpack_zerodim_and_defer[39m([33m"[39m[33m__gt__[39m[33m"[39m)
[32m     55[39m [38;5;28;01mdef[39;00m [34m__gt__[39m([38;5;28mself[39m, other):
[32m---> [39m[32m56[39m     [38;5;28;01mreturn[39;00m [38;5;28;43mself[39;49m[43m.[49m[43m_cmp_method[49m[43m([49m[43mother[49m[43m,[49m[43m [49m[43moperator[49m[43m.[49m[43mgt[49m[43m)[49m

[36mFile [39m[32m~/.local/lib/python3.12/site-packages/pandas/core/arrays/string_.py:581[39m, in [36mStringArray._cmp_method[39m[34m(self, other, op)[39m
[32m    578[39m [38;5;28;01melse[39;00m:
[32m    579[39m     [38;5;66;03m# logical[39;00m
[32m    580[39m     result = np.zeros([38;5;28mlen[39m([38;5;28mself[39m._ndarray), dtype=[33m"[39m[33mbool[39m[33m"[39m)
[32m--> [39m[32m581[39m     result[valid] = [43mop[49m[43m([49m[38;5;28;43mself[39;49m[43m.[49m[43m_ndarray[49m[43m[[49m[43mvalid[49m[43m][49m[43m,[49m[43m [49m[43mother[49m[43m)[49m
[32m    582[39m     [38;5;28;01mreturn[39;00m BooleanArray(result, mask)

[31mTypeError[39m: '>' not supported between instances of 'str' and 'int'

